fatfs_sd.c:27:13:SELECT	8	static
fatfs_sd.c:33:13:DESELECT	8	static
fatfs_sd.c:39:13:SPI_TxByte	16	static
fatfs_sd.c:54:16:SPI_RxByte	24	static
fatfs_sd.c:72:13:SPI_RxBytePtr	16	static
fatfs_sd.c:78:16:SD_ReadyWait	16	static
fatfs_sd.c:97:13:SD_PowerOn	32	static
fatfs_sd.c:140:13:SD_PowerOff	4	static
fatfs_sd.c:146:16:SD_CheckPower	4	static
fatfs_sd.c:153:13:SD_RxDataBlock	24	static
fatfs_sd.c:185:13:SD_TxDataBlock	24	static
fatfs_sd.c:236:13:SD_SendCmd	24	static
fatfs_sd.c:282:9:SD_disk_initialize	32	static
fatfs_sd.c:385:9:SD_disk_status	16	static
fatfs_sd.c:394:9:SD_disk_read	24	static
fatfs_sd.c:438:9:SD_disk_write	24	static
fatfs_sd.c:493:9:SD_disk_ioctl	56	static
