core_cm7.h:2229:22:SCB_EnableICache	4	static,ignoring_inline_asm
core_cm7.h:2281:22:SCB_EnableDCache	24	static,ignoring_inline_asm
core_cm7.h:2491:22:SCB_CleanDCache_by_Addr	32	static,ignoring_inline_asm
main.c:325:6:HAL_SPI_TxRxCpltCallback	16	static
main.c:332:6:BSP_SD_WriteCpltCallback	4	static
main.c:388:6:HAL_GPIO_EXTI_Callback	16	static
main.c:503:6:buzzerOn	4	static
main.c:511:6:buzzerOff	4	static
main.c:518:6:send_uart	24	static
main.c:536:6:send_uart2	24	static
main.c:552:6:send_uart3	24	static
main.c:564:5:bufsize	24	static
main.c:572:6:bufclear	16	static
main.c:580:6:microDelay	16	static
main.c:589:19:eepromReadEEPROM	40	static
main.c:618:19:eepromWriteEEPROM	40	static
main.c:649:6:eepromReadObject	16	static
main.c:655:6:eepromSaveObject	16	static
main.c:681:6:writeEEPROM_AT24	40	dynamic
main.c:739:6:readEEPROM_AT24	96	static
main.c:792:6:initEEPROM	4	static
main.c:823:6:setPotenciomenters	56	static
main.c:874:6:readPotenciometers	24	static
main.c:917:6:addDataToBuffer	24	static
main.c:936:6:sd_card_test	24	static
main.c:1088:6:i2c_tests	24	static
main.c:1172:6:saveToSD	16	static
main.c:1249:6:setRangeNA	16	static
main.c:1274:6:setRangeUA	16	static
main.c:1298:6:setRangeMA	16	static
main.c:1324:6:change_range	16	static
main.c:1498:6:check_range_linear	16	static
main.c:1593:6:adc_write_data	32	static
main.c:1639:9:adc_config	8	static
main.c:1717:6:adc_reset	8	static
main.c:1731:6:adc_compensateOffset	24	static
main.c:1759:6:adc_sample_internal	4	static
main.c:1805:6:adc_sample	16	static
main.c:1902:6:adc_sample_ads8691	16	static
main.c:1985:6:ranges	8	static
main.c:2067:8:previousValueToCurrent	16	static
main.c:2091:8:averaging	24	static
main.c:2140:6:triggerMenu	8	static
main.c:2154:9:decimalToHex	24	static
main.c:2174:9:hexToDecimal	24	static
main.c:2213:10:convertInputToInt	24	static
main.c:2251:6:flushUart	16	static
main.c:2260:6:printSettingsValues	1136	static
main.c:2287:6:printLastMeasuredValues	128	static
main.c:2303:6:printCurrentTimeDate	296	static
main.c:2351:9:getConsoleInput	40	static
main.c:2462:6:consoleMeasuringInterface	64	static
main.c:2620:6:consoleRTCSettings	64	static
main.c:2920:6:consoleDeviceInterface	64	static
main.c:3218:6:consoleInterface	24	static
main.c:3357:6:drawScreen	8	static
main.c:3381:9:gpioState	24	static
main.c:3394:9:u8x8_stm32_gpio_and_delay	24	static
main.c:3449:9:u8x8_byte_i2c	40	static
main.c:3530:9:u8x8_GetMenuEvent	24	static
main.c:3618:6:screen_u8x8_test	16	static
main.c:3667:6:screen_u8g2_test	80	static
main.c:3733:6:screenInfoPanel	16	static
main.c:3802:6:screenDeviceSettings	24	static
main.c:3962:6:screenMeasuringSettings	32	static
main.c:4057:6:screenPowerSourceControl	32	static
main.c:4177:6:screenRtcSettings	32	static
main.c:4421:6:screenInterface	16	static
main.c:4535:6:cleanBuffer	24	static
main.c:4549:13:USBH_UserProcess	16	static
main.c:4598:5:main	32	static
main.c:5227:6:SystemClock_Config	232	static
main.c:5301:13:MX_ETH_Init	8	static
main.c:5343:13:MX_I2C1_Init	8	static
main.c:5389:13:MX_I2C4_Init	8	static
main.c:5435:13:MX_RTC_Init	40	static
main.c:5497:13:MX_SDMMC1_SD_Init	4	static
main.c:5525:13:MX_SPI1_Init	8	static
main.c:5565:13:MX_SPI4_Init	8	static
main.c:5605:13:MX_TIM4_Init	40	static
main.c:5650:13:MX_TIM5_Init	40	static
main.c:5695:13:MX_TIM7_Init	24	static
main.c:5733:13:MX_TIM14_Init	8	static
main.c:5764:13:MX_UART7_Init	8	static
main.c:5799:13:MX_USART6_UART_Init	8	static
main.c:5832:13:MX_DMA_Init	16	static
main.c:5869:13:MX_GPIO_Init	56	static
main.c:6045:6:Error_Handler	4	static
