stm32f7xx_it.c:58:6:SDTimer_Handler	4	static
stm32f7xx_it.c:91:6:NMI_Handler	4	static
stm32f7xx_it.c:104:6:HardFault_Handler	4	static
stm32f7xx_it.c:119:6:MemManage_Handler	4	static
stm32f7xx_it.c:134:6:BusFault_Handler	4	static
stm32f7xx_it.c:149:6:UsageFault_Handler	4	static
stm32f7xx_it.c:164:6:SVC_Handler	4	static
stm32f7xx_it.c:177:6:DebugMon_Handler	4	static
stm32f7xx_it.c:190:6:PendSV_Handler	4	static
stm32f7xx_it.c:203:6:SysTick_Handler	8	static
stm32f7xx_it.c:230:6:EXTI0_IRQHandler	8	static
stm32f7xx_it.c:244:6:EXTI1_IRQHandler	8	static
stm32f7xx_it.c:258:6:EXTI2_IRQHandler	8	static
stm32f7xx_it.c:272:6:EXTI3_IRQHandler	8	static
stm32f7xx_it.c:286:6:EXTI4_IRQHandler	8	static
stm32f7xx_it.c:300:6:DMA1_Stream1_IRQHandler	8	static
stm32f7xx_it.c:314:6:DMA1_Stream3_IRQHandler	8	static
stm32f7xx_it.c:328:6:EXTI9_5_IRQHandler	8	static
stm32f7xx_it.c:343:6:SPI1_IRQHandler	8	static
stm32f7xx_it.c:357:6:EXTI15_10_IRQHandler	8	static
stm32f7xx_it.c:374:6:SDMMC1_IRQHandler	8	static
stm32f7xx_it.c:388:6:DMA2_Stream0_IRQHandler	8	static
stm32f7xx_it.c:402:6:DMA2_Stream1_IRQHandler	8	static
stm32f7xx_it.c:416:6:DMA2_Stream3_IRQHandler	8	static
stm32f7xx_it.c:430:6:OTG_FS_IRQHandler	8	static
stm32f7xx_it.c:444:6:DMA2_Stream5_IRQHandler	8	static
stm32f7xx_it.c:458:6:DMA2_Stream6_IRQHandler	8	static
stm32f7xx_it.c:472:6:USART6_IRQHandler	8	static
stm32f7xx_it.c:494:6:UART7_IRQHandler	8	static
